npm warn config ignoring workspace config at /Users/brycereynolds/code/hometrack/app/.npmrc

> hometrack-app@0.0.1 build
> vite build

vite v8.0.8 building ssr environment for production...
[2Ktransforming...✓ 4780 modules transformed.
rendering chunks...
vite v8.0.8 building client environment for production...
[2Ktransforming...✓ 4804 modules transformed.
rendering chunks...
computing gzip size...
.svelte-kit/output/client/_app/version.json                                  0.02 kB │ gzip:  0.04 kB
.svelte-kit/output/client/.vite/manifest.json                               68.05 kB │ gzip:  6.67 kB
.svelte-kit/output/client/_app/immutable/assets/41.B7mtqZmq.css              0.08 kB │ gzip:  0.08 kB
.svelte-kit/output/client/_app/immutable/assets/CaptureModal.Bol_LFAW.css    0.08 kB │ gzip:  0.09 kB
.svelte-kit/output/client/_app/immutable/assets/4.O8sw0S3J.css               0.14 kB │ gzip:  0.10 kB
.svelte-kit/output/client/_app/immutable/assets/35.CADAme3c.css              0.14 kB │ gzip:  0.12 kB
.svelte-kit/output/client/_app/immutable/assets/9.Iadua2Ph.css               0.23 kB │ gzip:  0.16 kB
.svelte-kit/output/client/_app/immutable/assets/20.CrOa9N2C.css              0.48 kB │ gzip:  0.27 kB
.svelte-kit/output/client/_app/immutable/assets/PropertyLink.BAZPjUWD.css    5.89 kB │ gzip:  1.23 kB
.svelte-kit/output/client/_app/immutable/assets/2.DDCWxn3B.css              14.01 kB │ gzip:  2.94 kB
.svelte-kit/output/client/_app/immutable/assets/0.CAj8uObs.css             145.22 kB │ gzip: 22.93 kB
.svelte-kit/output/client/_app/immutable/chunks/BiaATpcn2.js                 0.02 kB │ gzip:  0.04 kB
.svelte-kit/output/client/_app/immutable/chunks/BUFHfKnN.js                  0.06 kB │ gzip:  0.08 kB
.svelte-kit/output/client/_app/immutable/entry/start.DNbOJUCq.js             0.08 kB │ gzip:  0.09 kB
.svelte-kit/output/client/_app/immutable/chunks/CZ53ELQm2.js                 0.08 kB │ gzip:  0.09 kB
.svelte-kit/output/client/_app/immutable/nodes/8.BaOXRIxW.js                 0.17 kB │ gzip:  0.15 kB
.svelte-kit/output/client/_app/immutable/chunks/BlaNcdgo.js                  0.29 kB │ gzip:  0.18 kB
.svelte-kit/output/client/_app/immutable/chunks/BggVwEh12.js                 0.31 kB │ gzip:  0.22 kB
.svelte-kit/output/client/_app/immutable/chunks/CGuYcseK.js                  0.38 kB │ gzip:  0.29 kB
.svelte-kit/output/client/_app/immutable/chunks/Ze6UiCs6.js                  0.38 kB │ gzip:  0.29 kB
.svelte-kit/output/client/_app/immutable/chunks/BUSn1zuP.js                  0.39 kB │ gzip:  0.29 kB
.svelte-kit/output/client/_app/immutable/chunks/ulj96jZQ.js                  0.39 kB │ gzip:  0.29 kB
.svelte-kit/output/client/_app/immutable/chunks/DdRtZKDf.js                  0.39 kB │ gzip:  0.29 kB
.svelte-kit/output/client/_app/immutable/chunks/bmVz_imU.js                  0.39 kB │ gzip:  0.29 kB
.svelte-kit/output/client/_app/immutable/chunks/Bi6PnIKB.js                  0.40 kB │ gzip:  0.29 kB
.svelte-kit/output/client/_app/immutable/chunks/40TgMSTD.js                  0.40 kB │ gzip:  0.30 kB
.svelte-kit/output/client/_app/immutable/chunks/HpHdCrij2.js                 0.40 kB │ gzip:  0.31 kB
.svelte-kit/output/client/_app/immutable/chunks/Cm0RYCZm.js                  0.41 kB │ gzip:  0.31 kB
.svelte-kit/output/client/_app/immutable/chunks/QjCzWgT3.js                  0.41 kB │ gzip:  0.31 kB
.svelte-kit/output/client/_app/immutable/chunks/Cunx8e5B.js                  0.41 kB │ gzip:  0.30 kB
.svelte-kit/output/client/_app/immutable/chunks/n5i0WwVO2.js                 0.42 kB │ gzip:  0.31 kB
.svelte-kit/output/client/_app/immutable/chunks/BVmeuWW-.js                  0.42 kB │ gzip:  0.31 kB
.svelte-kit/output/client/_app/immutable/chunks/dRZekg7X.js                  0.42 kB │ gzip:  0.32 kB
.svelte-kit/output/client/_app/immutable/chunks/Tx8bBIxW.js                  0.42 kB │ gzip:  0.30 kB
.svelte-kit/output/client/_app/immutable/chunks/-PwsZBno.js                  0.42 kB │ gzip:  0.31 kB
.svelte-kit/output/client/_app/immutable/chunks/CXNM3cCf.js                  0.43 kB │ gzip:  0.32 kB
.svelte-kit/output/client/_app/immutable/chunks/BDGpcWrU.js                  0.44 kB │ gzip:  0.33 kB
.svelte-kit/output/client/_app/immutable/chunks/kRacpCG8.js                  0.44 kB │ gzip:  0.31 kB
.svelte-kit/output/client/_app/immutable/chunks/CuTMA8jl.js                  0.44 kB │ gzip:  0.32 kB
.svelte-kit/output/client/_app/immutable/chunks/CER5ATr7.js                  0.44 kB │ gzip:  0.33 kB
.svelte-kit/output/client/_app/immutable/chunks/7CYRVL6C.js                  0.45 kB │ gzip:  0.33 kB
.svelte-kit/output/client/_app/immutable/chunks/D8Yk5XXa2.js                 0.45 kB │ gzip:  0.33 kB
.svelte-kit/output/client/_app/immutable/chunks/lVZURFV92.js                 0.46 kB │ gzip:  0.35 kB
.svelte-kit/output/client/_app/immutable/chunks/C-dmCTc32.js                 0.46 kB │ gzip:  0.33 kB
.svelte-kit/output/client/_app/immutable/chunks/IogubgXz.js                  0.46 kB │ gzip:  0.33 kB
.svelte-kit/output/client/_app/immutable/chunks/BhWYOdRu2.js                 0.47 kB │ gzip:  0.33 kB
.svelte-kit/output/client/_app/immutable/chunks/CGUAB5PT2.js                 0.47 kB │ gzip:  0.33 kB
.svelte-kit/output/client/_app/immutable/chunks/CI6Wgk_p.js                  0.47 kB │ gzip:  0.33 kB
.svelte-kit/output/client/_app/immutable/chunks/DaWwQ1ap.js                  0.47 kB │ gzip:  0.34 kB
.svelte-kit/output/client/_app/immutable/chunks/DxEgU-ND.js                  0.47 kB │ gzip:  0.34 kB
.svelte-kit/output/client/_app/immutable/chunks/hkI0w7SD.js                  0.47 kB │ gzip:  0.33 kB
.svelte-kit/output/client/_app/immutable/chunks/BIs2d4rZ2.js                 0.48 kB │ gzip:  0.34 kB
.svelte-kit/output/client/_app/immutable/chunks/Cfo4eyFA2.js                 0.48 kB │ gzip:  0.33 kB
.svelte-kit/output/client/_app/immutable/chunks/DEYiX6uc.js                  0.48 kB │ gzip:  0.34 kB
.svelte-kit/output/client/_app/immutable/chunks/CVQnwC4e2.js                 0.48 kB │ gzip:  0.34 kB
.svelte-kit/output/client/_app/immutable/chunks/DL0_2bhH.js                  0.48 kB │ gzip:  0.33 kB
.svelte-kit/output/client/_app/immutable/chunks/C-a5wpUy.js                  0.48 kB │ gzip:  0.33 kB
.svelte-kit/output/client/_app/immutable/chunks/cge_w1Pp2.js                 0.48 kB │ gzip:  0.34 kB
.svelte-kit/output/client/_app/immutable/chunks/BAa2sHOl2.js                 0.49 kB │ gzip:  0.32 kB
.svelte-kit/output/client/_app/immutable/chunks/BVozYAoy.js                  0.49 kB │ gzip:  0.34 kB
.svelte-kit/output/client/_app/immutable/chunks/ChZC1KOK.js                  0.49 kB │ gzip:  0.36 kB
.svelte-kit/output/client/_app/immutable/chunks/CxduQZo8.js                  0.49 kB │ gzip:  0.37 kB
.svelte-kit/output/client/_app/immutable/chunks/BaM5Zybw.js                  0.50 kB │ gzip:  0.35 kB
.svelte-kit/output/client/_app/immutable/chunks/2JSgJia82.js                 0.50 kB │ gzip:  0.35 kB
.svelte-kit/output/client/_app/immutable/chunks/DguONvqj2.js                 0.50 kB │ gzip:  0.36 kB
.svelte-kit/output/client/_app/immutable/chunks/CMfkqHe_2.js                 0.51 kB │ gzip:  0.37 kB
.svelte-kit/output/client/_app/immutable/chunks/DSlYoNf02.js                 0.52 kB │ gzip:  0.37 kB
.svelte-kit/output/client/_app/immutable/chunks/CLslWygX2.js                 0.52 kB │ gzip:  0.37 kB
.svelte-kit/output/client/_app/immutable/chunks/CjgMiZZY.js                  0.52 kB │ gzip:  0.38 kB
.svelte-kit/output/client/_app/immutable/chunks/C83qCE5T2.js                 0.52 kB │ gzip:  0.37 kB
.svelte-kit/output/client/_app/immutable/chunks/Cq_B5nv3.js                  0.52 kB │ gzip:  0.38 kB
.svelte-kit/output/client/_app/immutable/chunks/CqdrjuM4.js                  0.53 kB │ gzip:  0.36 kB
.svelte-kit/output/client/_app/immutable/chunks/CI1QGC402.js                 0.53 kB │ gzip:  0.36 kB
.svelte-kit/output/client/_app/immutable/chunks/oCsiNsci.js                  0.53 kB │ gzip:  0.36 kB
.svelte-kit/output/client/_app/immutable/chunks/420LE3Ga.js                  0.53 kB │ gzip:  0.37 kB
.svelte-kit/output/client/_app/immutable/chunks/B4YV9QjV.js                  0.53 kB │ gzip:  0.39 kB
.svelte-kit/output/client/_app/immutable/chunks/BgDgPHP0.js                  0.54 kB │ gzip:  0.34 kB
.svelte-kit/output/client/_app/immutable/chunks/BZltB-5S.js                  0.54 kB │ gzip:  0.38 kB
.svelte-kit/output/client/_app/immutable/chunks/CNzawWBE.js                  0.54 kB │ gzip:  0.39 kB
.svelte-kit/output/client/_app/immutable/chunks/B-kG7xGy.js                  0.54 kB │ gzip:  0.35 kB
.svelte-kit/output/client/_app/immutable/chunks/B-p58jRt.js                  0.54 kB │ gzip:  0.36 kB
.svelte-kit/output/client/_app/immutable/chunks/Uoxyq50z2.js                 0.55 kB │ gzip:  0.38 kB
.svelte-kit/output/client/_app/immutable/chunks/BzivYGbh.js                  0.56 kB │ gzip:  0.40 kB
.svelte-kit/output/client/_app/immutable/chunks/DaNDkUK8.js                  0.57 kB │ gzip:  0.39 kB
.svelte-kit/output/client/_app/immutable/chunks/B-HbdnNq2.js                 0.57 kB │ gzip:  0.34 kB
.svelte-kit/output/client/_app/immutable/chunks/DnMOZH55.js                  0.58 kB │ gzip:  0.39 kB
.svelte-kit/output/client/_app/immutable/chunks/iY3t17z4.js                  0.58 kB │ gzip:  0.39 kB
.svelte-kit/output/client/_app/immutable/chunks/Q4icytlu.js                  0.58 kB │ gzip:  0.40 kB
.svelte-kit/output/client/_app/immutable/chunks/Dv0RFotv2.js                 0.59 kB │ gzip:  0.38 kB
.svelte-kit/output/client/_app/immutable/chunks/IgyXOEAT2.js                 0.61 kB │ gzip:  0.38 kB
.svelte-kit/output/client/_app/immutable/chunks/CiY2A3cb2.js                 0.61 kB │ gzip:  0.40 kB
.svelte-kit/output/client/_app/immutable/chunks/B2ZUx9TB.js                  0.66 kB │ gzip:  0.42 kB
.svelte-kit/output/client/_app/immutable/chunks/CzniXTrM.js                  0.68 kB │ gzip:  0.41 kB
.svelte-kit/output/client/_app/immutable/chunks/YxAZpUq32.js                 0.69 kB │ gzip:  0.44 kB
.svelte-kit/output/client/_app/immutable/chunks/QcIysZ4a.js                  0.69 kB │ gzip:  0.38 kB
.svelte-kit/output/client/_app/immutable/chunks/BVBOIiDM.js                  0.71 kB │ gzip:  0.42 kB
.svelte-kit/output/client/_app/immutable/chunks/BzJMTIOp.js                  0.72 kB │ gzip:  0.40 kB
.svelte-kit/output/client/_app/immutable/chunks/TS-bUhos.js                  0.73 kB │ gzip:  0.46 kB
.svelte-kit/output/client/_app/immutable/chunks/BQWALY5-.js                  0.73 kB │ gzip:  0.41 kB
.svelte-kit/output/client/_app/immutable/chunks/4xTZSojO.js                  0.75 kB │ gzip:  0.43 kB
.svelte-kit/output/client/_app/immutable/nodes/64.CA4A8_im.js                0.77 kB │ gzip:  0.48 kB
.svelte-kit/output/client/_app/immutable/chunks/CpTFMUMr.js                  0.82 kB │ gzip:  0.41 kB
.svelte-kit/output/client/_app/immutable/chunks/CoElfzEY.js                  0.89 kB │ gzip:  0.43 kB
.svelte-kit/output/client/_app/immutable/chunks/qgW3XA8M2.js                 0.93 kB │ gzip:  0.38 kB
.svelte-kit/output/client/_app/immutable/chunks/C_gsPl_Z.js                  0.97 kB │ gzip:  0.47 kB
.svelte-kit/output/client/_app/immutable/nodes/54.tPdQgOR6.js                0.97 kB │ gzip:  0.57 kB
.svelte-kit/output/client/_app/immutable/chunks/pohB3Fh12.js                 1.00 kB │ gzip:  0.50 kB
.svelte-kit/output/client/_app/immutable/nodes/0.D4-ADcOj.js                 1.02 kB │ gzip:  0.59 kB
.svelte-kit/output/client/_app/immutable/nodes/6.5K115S88.js                 1.20 kB │ gzip:  0.60 kB
.svelte-kit/output/client/_app/immutable/chunks/Dm1K7jdE.js                  1.20 kB │ gzip:  0.68 kB
.svelte-kit/output/client/_app/immutable/chunks/BTDocuj1.js                  1.34 kB │ gzip:  0.50 kB
.svelte-kit/output/client/_app/immutable/chunks/b33W824y.js                  1.43 kB │ gzip:  0.84 kB
.svelte-kit/output/client/_app/immutable/chunks/CCxcgY-d2.js                 1.69 kB │ gzip:  0.82 kB
.svelte-kit/output/client/_app/immutable/nodes/1.DetaDCUa.js                 1.72 kB │ gzip:  0.92 kB
.svelte-kit/output/client/_app/immutable/chunks/XYLmbzu52.js                 1.75 kB │ gzip:  0.85 kB
.svelte-kit/output/client/_app/immutable/nodes/3.DoUtyPFx.js                 1.78 kB │ gzip:  0.95 kB
.svelte-kit/output/client/_app/immutable/chunks/CIiXb6me2.js                 1.81 kB │ gzip:  0.81 kB
.svelte-kit/output/client/_app/immutable/chunks/B5OPKhqC2.js                 1.87 kB │ gzip:  0.92 kB
.svelte-kit/output/client/_app/immutable/chunks/C8CY84P72.js                 2.10 kB │ gzip:  0.71 kB
.svelte-kit/output/client/_app/immutable/chunks/Cb4pzAXh2.js                 2.48 kB │ gzip:  0.83 kB
.svelte-kit/output/client/_app/immutable/nodes/56.dn1Gx966.js                2.83 kB │ gzip:  1.28 kB
.svelte-kit/output/client/_app/immutable/chunks/CQIoSzqR.js                  3.12 kB │ gzip:  1.46 kB
.svelte-kit/output/client/_app/immutable/nodes/5.B_RhnEVL.js                 3.20 kB │ gzip:  1.41 kB
.svelte-kit/output/client/_app/immutable/chunks/R-YDbQH6.js                  3.43 kB │ gzip:  1.25 kB
.svelte-kit/output/client/_app/immutable/nodes/55.BVKAmwKe.js                3.78 kB │ gzip:  1.58 kB
.svelte-kit/output/client/_app/immutable/chunks/hEcRVorN2.js                 3.99 kB │ gzip:  1.54 kB
.svelte-kit/output/client/_app/immutable/nodes/57.Cn54ne_Q.js                4.00 kB │ gzip:  1.54 kB
.svelte-kit/output/client/_app/immutable/nodes/7.DEg11L06.js                 4.16 kB │ gzip:  1.68 kB
.svelte-kit/output/client/_app/immutable/nodes/62.Btr_GwN3.js                4.33 kB │ gzip:  1.91 kB
.svelte-kit/output/client/_app/immutable/nodes/63.BaP5740r.js                4.58 kB │ gzip:  2.12 kB
.svelte-kit/output/client/_app/immutable/nodes/18.Dkxj3938.js                4.83 kB │ gzip:  2.10 kB
.svelte-kit/output/client/_app/immutable/nodes/16.CKLHNFHx.js                5.52 kB │ gzip:  2.30 kB
.svelte-kit/output/client/_app/immutable/nodes/61.DuARtV7D.js                5.67 kB │ gzip:  2.56 kB
.svelte-kit/output/client/_app/immutable/chunks/D3tzcVG92.js                 5.69 kB │ gzip:  2.25 kB
.svelte-kit/output/client/_app/immutable/chunks/BFGyL_c92.js                 5.88 kB │ gzip:  2.33 kB
.svelte-kit/output/client/_app/immutable/nodes/48.C4MQWZ6z.js                5.91 kB │ gzip:  2.32 kB
.svelte-kit/output/client/_app/immutable/nodes/38.DXQrNgOt.js                6.69 kB │ gzip:  2.78 kB
.svelte-kit/output/client/_app/immutable/nodes/39.LcqkeVSU.js                7.04 kB │ gzip:  2.69 kB
.svelte-kit/output/client/_app/immutable/nodes/25.CPbzGG2E.js                7.12 kB │ gzip:  2.98 kB
.svelte-kit/output/client/_app/immutable/nodes/40.Cnkagh_j.js                7.25 kB │ gzip:  2.81 kB
.svelte-kit/output/client/_app/immutable/nodes/37.Bb4nSkg9.js                7.67 kB │ gzip:  3.35 kB
.svelte-kit/output/client/_app/immutable/chunks/BT53vVpF2.js                 7.79 kB │ gzip:  3.20 kB
.svelte-kit/output/client/_app/immutable/nodes/35.BERwq4i6.js                8.18 kB │ gzip:  3.45 kB
.svelte-kit/output/client/_app/immutable/nodes/41.DY2gPX7J.js                8.44 kB │ gzip:  3.48 kB
.svelte-kit/output/client/_app/immutable/nodes/34.BemXizpa.js                8.62 kB │ gzip:  3.21 kB
.svelte-kit/output/client/_app/immutable/nodes/60.BHS_JO47.js                8.70 kB │ gzip:  3.44 kB
.svelte-kit/output/client/_app/immutable/chunks/BiXzJjcL2.js                 8.71 kB │ gzip:  2.81 kB
.svelte-kit/output/client/_app/immutable/nodes/58.BACb_OfY.js                9.22 kB │ gzip:  3.13 kB
.svelte-kit/output/client/_app/immutable/nodes/11.Da0LPgJv.js                9.33 kB │ gzip:  3.56 kB
.svelte-kit/output/client/_app/immutable/nodes/49.Ct8Pprmo.js                9.35 kB │ gzip:  3.53 kB
.svelte-kit/output/client/_app/immutable/nodes/45._7PHKABv.js                9.85 kB │ gzip:  3.29 kB
.svelte-kit/output/client/_app/immutable/nodes/10.CxbGUXwC.js               10.14 kB │ gzip:  3.63 kB
.svelte-kit/output/client/_app/immutable/nodes/13.Dbd6Ehua.js               10.34 kB │ gzip:  3.23 kB
.svelte-kit/output/client/_app/immutable/nodes/46.BZE1Jx_r.js               10.41 kB │ gzip:  3.38 kB
.svelte-kit/output/client/_app/immutable/nodes/47.CfJeV6UK.js               11.48 kB │ gzip:  3.15 kB
.svelte-kit/output/client/_app/immutable/nodes/44.81er4Gu8.js               11.57 kB │ gzip:  4.06 kB
.svelte-kit/output/client/_app/immutable/nodes/59.ZuKLvIhH.js               12.18 kB │ gzip:  3.52 kB
.svelte-kit/output/client/_app/immutable/nodes/22.BNc5uhEe.js               13.34 kB │ gzip:  4.53 kB
.svelte-kit/output/client/_app/immutable/nodes/23.BKcwAX2P.js               13.94 kB │ gzip:  4.42 kB
.svelte-kit/output/client/_app/immutable/nodes/26.CkM7nyEM.js               15.58 kB │ gzip:  5.04 kB
.svelte-kit/output/client/_app/immutable/nodes/14.Bsp3PzJN.js               15.84 kB │ gzip:  4.62 kB
.svelte-kit/output/client/_app/immutable/nodes/12.B-H_7lb1.js               15.88 kB │ gzip:  4.34 kB
.svelte-kit/output/client/_app/immutable/chunks/5XoMAPWX2.js                16.01 kB │ gzip:  4.52 kB
.svelte-kit/output/client/_app/immutable/nodes/50.DkMHzy0-.js               17.30 kB │ gzip:  5.40 kB
.svelte-kit/output/client/_app/immutable/nodes/52.BBTX4t42.js               17.33 kB │ gzip:  5.70 kB
.svelte-kit/output/client/_app/immutable/nodes/53.CFggJd3c.js               17.44 kB │ gzip:  5.09 kB
.svelte-kit/output/client/_app/immutable/nodes/51.CUjAa_y6.js               17.82 kB │ gzip:  5.13 kB
.svelte-kit/output/client/_app/immutable/nodes/24.DYRuJhcj.js               18.56 kB │ gzip:  6.19 kB
.svelte-kit/output/client/_app/immutable/nodes/33.DzRrM6OG.js               19.48 kB │ gzip:  5.58 kB
.svelte-kit/output/client/_app/immutable/nodes/42.DA-yk0HA.js               19.76 kB │ gzip:  6.12 kB
.svelte-kit/output/client/_app/immutable/nodes/31.D__91A55.js               19.81 kB │ gzip:  5.57 kB
.svelte-kit/output/client/_app/immutable/nodes/4.V7Dk0-gC.js                20.02 kB │ gzip:  5.82 kB
.svelte-kit/output/client/_app/immutable/entry/app.BYBYuL24.js              20.11 kB │ gzip:  5.48 kB
.svelte-kit/output/client/_app/immutable/nodes/19.U6kV0p5K.js               20.13 kB │ gzip:  6.48 kB
.svelte-kit/output/client/_app/immutable/nodes/27.B1JWkdBQ.js               20.71 kB │ gzip:  5.76 kB
.svelte-kit/output/client/_app/immutable/nodes/9.C507YvNT.js                21.14 kB │ gzip:  6.57 kB
.svelte-kit/output/client/_app/immutable/nodes/36.BKjqiT2G.js               21.64 kB │ gzip:  6.16 kB
.svelte-kit/output/client/_app/immutable/nodes/29.H_EYy335.js               22.14 kB │ gzip:  5.81 kB
.svelte-kit/output/client/_app/immutable/nodes/32.BYKcLdZY.js               22.19 kB │ gzip:  5.91 kB
.svelte-kit/output/client/_app/immutable/nodes/21.CToyA704.js               22.88 kB │ gzip:  6.36 kB
.svelte-kit/output/client/_app/immutable/chunks/CmXiuPwN2.js                23.46 kB │ gzip:  8.84 kB
.svelte-kit/output/client/_app/immutable/chunks/D0oZT_Jy2.js                24.12 kB │ gzip:  6.97 kB
.svelte-kit/output/client/_app/immutable/nodes/43.B1DrAKlQ.js               24.71 kB │ gzip:  6.93 kB
.svelte-kit/output/client/_app/immutable/nodes/17.BJYwa1iZ.js               25.12 kB │ gzip:  7.52 kB
.svelte-kit/output/client/_app/immutable/nodes/15.DgyZ_HGz.js               28.05 kB │ gzip:  7.54 kB
.svelte-kit/output/client/_app/immutable/chunks/lVesfoRh2.js                32.05 kB │ gzip:  8.78 kB
.svelte-kit/output/client/_app/immutable/chunks/bTRv3GQ1.js                 32.13 kB │ gzip: 12.23 kB
.svelte-kit/output/client/_app/immutable/chunks/BFMbdd9W.js                 32.15 kB │ gzip: 10.53 kB
.svelte-kit/output/client/_app/immutable/chunks/Dqlo6FZ12.js                37.72 kB │ gzip: 12.08 kB
.svelte-kit/output/client/_app/immutable/nodes/28.DGu1iyiL.js               38.24 kB │ gzip: 11.23 kB
.svelte-kit/output/client/_app/immutable/nodes/30.TgjikMw9.js               39.03 kB │ gzip:  8.64 kB
.svelte-kit/output/client/_app/immutable/chunks/DMaTzjaE2.js                43.91 kB │ gzip: 13.51 kB
.svelte-kit/output/client/_app/immutable/nodes/20.DY7pVWn8.js               45.52 kB │ gzip: 14.47 kB
.svelte-kit/output/client/_app/immutable/chunks/CNo79m6j2.js                49.44 kB │ gzip: 14.63 kB
.svelte-kit/output/client/_app/immutable/chunks/DvgGKV4i.js                 58.23 kB │ gzip: 21.99 kB
.svelte-kit/output/client/_app/immutable/chunks/NhOKV-2f.js                 69.07 kB │ gzip: 18.63 kB
.svelte-kit/output/client/_app/immutable/chunks/DPTswUr02.js               148.79 kB │ gzip: 43.36 kB
.svelte-kit/output/client/_app/immutable/chunks/l8bavweR2.js               203.17 kB │ gzip: 69.66 kB
.svelte-kit/output/client/_app/immutable/nodes/2.DZ-oyAHc.js               255.73 kB │ gzip: 68.18 kB

✓ built in 2.90s
computing gzip size...
.svelte-kit/output/server/.vite/manifest.json                                                         86.09 kB │ gzip:  7.21 kB
.svelte-kit/output/server/_app/immutable/assets/_page.B7mtqZmq.css                                     0.08 kB │ gzip:  0.08 kB
.svelte-kit/output/server/_app/immutable/assets/CaptureModal.Bol_LFAW.css                              0.08 kB │ gzip:  0.09 kB
.svelte-kit/output/server/_app/immutable/assets/_layout.O8sw0S3J.css                                   0.14 kB │ gzip:  0.10 kB
.svelte-kit/output/server/_app/immutable/assets/_page.CADAme3c.css                                     0.14 kB │ gzip:  0.12 kB
.svelte-kit/output/server/_app/immutable/assets/_page.Iadua2Ph.css                                     0.23 kB │ gzip:  0.16 kB
.svelte-kit/output/server/_app/immutable/assets/_page.CrOa9N2C.css                                     0.48 kB │ gzip:  0.27 kB
.svelte-kit/output/server/_app/immutable/assets/PropertyLink.ClEqpQOf.css                              5.85 kB │ gzip:  1.22 kB
.svelte-kit/output/server/_app/immutable/assets/_layout.BhWnw8nz.css                                  13.99 kB │ gzip:  2.93 kB
.svelte-kit/output/server/_app/immutable/assets/_layout.DMNiWHSz.css                                 143.46 kB │ gzip: 22.79 kB
.svelte-kit/output/server/chunks/navigation2.js                                                        0.03 kB │ gzip:  0.05 kB
.svelte-kit/output/server/chunks/forms.js                                                              0.06 kB │ gzip:  0.06 kB
.svelte-kit/output/server/chunks/db.js                                                                 0.06 kB │ gzip:  0.06 kB
.svelte-kit/output/server/chunks/schema2.js                                                            0.06 kB │ gzip:  0.07 kB
.svelte-kit/output/server/chunks/navigation.js                                                         0.10 kB │ gzip:  0.09 kB
.svelte-kit/output/server/chunks/app.js                                                                0.13 kB │ gzip:  0.13 kB
.svelte-kit/output/server/entries/fallbacks/layout.svelte.js                                           0.27 kB │ gzip:  0.21 kB
.svelte-kit/output/server/entries/endpoints/(auth)/logout/_server.ts.js                                0.29 kB │ gzip:  0.21 kB
.svelte-kit/output/server/entries/pages/_page.server.ts.js                                             0.33 kB │ gzip:  0.25 kB
.svelte-kit/output/server/chunks/chunk.js                                                              0.36 kB │ gzip:  0.25 kB
.svelte-kit/output/server/internal.js                                                                  0.45 kB │ gzip:  0.21 kB
.svelte-kit/output/server/chunks/tasks.js                                                              0.46 kB │ gzip:  0.29 kB
.svelte-kit/output/server/entries/pages/preview-access/_page.server.ts.js                              0.49 kB │ gzip:  0.32 kB
.svelte-kit/output/server/chunks/config.js                                                             0.49 kB │ gzip:  0.30 kB
.svelte-kit/output/server/chunks/utils2.js                                                             0.51 kB │ gzip:  0.27 kB
.svelte-kit/output/server/entries/pages/(app)/listings/_page.server.ts.js                              0.51 kB │ gzip:  0.29 kB
.svelte-kit/output/server/entries/pages/(app)/listings/map/_page.server.ts.js                          0.52 kB │ gzip:  0.30 kB
.svelte-kit/output/server/entries/pages/(app)/listings/list/_page.server.ts.js                         0.52 kB │ gzip:  0.30 kB
.svelte-kit/output/server/entries/pages/(app)/contacts/agents/_page.server.ts.js                       0.54 kB │ gzip:  0.31 kB
.svelte-kit/output/server/chunks/minus.js                                                              0.58 kB │ gzip:  0.34 kB
.svelte-kit/output/server/chunks/check.js                                                              0.58 kB │ gzip:  0.35 kB
.svelte-kit/output/server/chunks/x.js                                                                  0.59 kB │ gzip:  0.35 kB
.svelte-kit/output/server/chunks/chevron-up.js                                                         0.60 kB │ gzip:  0.35 kB
.svelte-kit/output/server/chunks/plus.js                                                               0.60 kB │ gzip:  0.35 kB
.svelte-kit/output/server/chunks/chevron-down.js                                                       0.61 kB │ gzip:  0.35 kB
.svelte-kit/output/server/chunks/chevron-right.js                                                      0.61 kB │ gzip:  0.35 kB
.svelte-kit/output/server/chunks/circle.js                                                             0.61 kB │ gzip:  0.35 kB
.svelte-kit/output/server/chunks/loader-circle.js                                                      0.63 kB │ gzip:  0.37 kB
.svelte-kit/output/server/chunks/arrow-left.js                                                         0.63 kB │ gzip:  0.37 kB
.svelte-kit/output/server/chunks/arrow-right.js                                                        0.64 kB │ gzip:  0.37 kB
.svelte-kit/output/server/entries/pages/(portal)/_team_/_layout.server.ts.js                           0.64 kB │ gzip:  0.38 kB
.svelte-kit/output/server/chunks/clock.js                                                              0.64 kB │ gzip:  0.38 kB
.svelte-kit/output/server/chunks/play.js                                                               0.65 kB │ gzip:  0.40 kB
.svelte-kit/output/server/chunks/trending-up.js                                                        0.65 kB │ gzip:  0.37 kB
.svelte-kit/output/server/chunks/arrow-up-right.js                                                     0.65 kB │ gzip:  0.37 kB
.svelte-kit/output/server/chunks/menu.js                                                               0.65 kB │ gzip:  0.36 kB
.svelte-kit/output/server/chunks/search.js                                                             0.65 kB │ gzip:  0.37 kB
.svelte-kit/output/server/chunks/trending-down.js                                                      0.66 kB │ gzip:  0.38 kB
.svelte-kit/output/server/entries/pages/(app)/analytics/insights/_page.server.ts.js                    0.67 kB │ gzip:  0.37 kB
.svelte-kit/output/server/entries/pages/(app)/settings/integrations/_page.server.ts.js                 0.67 kB │ gzip:  0.37 kB
.svelte-kit/output/server/chunks/user.js                                                               0.67 kB │ gzip:  0.39 kB
.svelte-kit/output/server/chunks/circle-check.js                                                       0.67 kB │ gzip:  0.38 kB
.svelte-kit/output/server/chunks/circle-check-big.js                                                   0.68 kB │ gzip:  0.40 kB
.svelte-kit/output/server/chunks/shared-server.js                                                      0.69 kB │ gzip:  0.30 kB
.svelte-kit/output/server/chunks/upload.js                                                             0.70 kB │ gzip:  0.39 kB
.svelte-kit/output/server/chunks/mail.js                                                               0.70 kB │ gzip:  0.41 kB
.svelte-kit/output/server/chunks/download.js                                                           0.70 kB │ gzip:  0.39 kB
.svelte-kit/output/server/chunks/circle-x.js                                                           0.71 kB │ gzip:  0.38 kB
.svelte-kit/output/server/chunks/smartphone.js                                                         0.71 kB │ gzip:  0.40 kB
.svelte-kit/output/server/chunks/square-check-big.js                                                   0.71 kB │ gzip:  0.41 kB
.svelte-kit/output/server/chunks/zap.js                                                                0.71 kB │ gzip:  0.42 kB
.svelte-kit/output/server/chunks/funnel.js                                                             0.72 kB │ gzip:  0.43 kB
.svelte-kit/output/server/chunks/message-square.js                                                     0.72 kB │ gzip:  0.42 kB
.svelte-kit/output/server/chunks/dollar-sign.js                                                        0.72 kB │ gzip:  0.40 kB
.svelte-kit/output/server/chunks/briefcase.js                                                          0.72 kB │ gzip:  0.41 kB
.svelte-kit/output/server/chunks/eye.js                                                                0.73 kB │ gzip:  0.41 kB
.svelte-kit/output/server/chunks/arrow-up-down.js                                                      0.73 kB │ gzip:  0.39 kB
.svelte-kit/output/server/chunks/pencil.js                                                             0.73 kB │ gzip:  0.43 kB
.svelte-kit/output/server/chunks/globe.js                                                              0.73 kB │ gzip:  0.40 kB
.svelte-kit/output/server/chunks/chart-column.js                                                       0.73 kB │ gzip:  0.40 kB
.svelte-kit/output/server/chunks/house.js                                                              0.73 kB │ gzip:  0.42 kB
.svelte-kit/output/server/chunks/shield.js                                                             0.73 kB │ gzip:  0.45 kB
.svelte-kit/output/server/chunks/mic.js                                                                0.74 kB │ gzip:  0.41 kB
.svelte-kit/output/server/chunks/external-link.js                                                      0.74 kB │ gzip:  0.40 kB
.svelte-kit/output/server/chunks/bell.js                                                               0.74 kB │ gzip:  0.44 kB
.svelte-kit/output/server/chunks/send.js                                                               0.74 kB │ gzip:  0.44 kB
.svelte-kit/output/server/chunks/video.js                                                              0.74 kB │ gzip:  0.43 kB
.svelte-kit/output/server/chunks/map-pin.js                                                            0.74 kB │ gzip:  0.44 kB
.svelte-kit/output/server/chunks/link-2.js                                                             0.74 kB │ gzip:  0.41 kB
.svelte-kit/output/server/entries/endpoints/api/documents/_id_/download/_server.ts.js                  0.75 kB │ gzip:  0.40 kB
.svelte-kit/output/server/chunks/credit-card.js                                                        0.75 kB │ gzip:  0.40 kB
.svelte-kit/output/server/chunks/award.js                                                              0.75 kB │ gzip:  0.44 kB
.svelte-kit/output/server/chunks/sticky-note.js                                                        0.75 kB │ gzip:  0.42 kB
.svelte-kit/output/server/chunks/database.js                                                           0.75 kB │ gzip:  0.41 kB
.svelte-kit/output/server/chunks/triangle-alert.js                                                     0.76 kB │ gzip:  0.42 kB
.svelte-kit/output/server/chunks/list-checks.js                                                        0.76 kB │ gzip:  0.38 kB
.svelte-kit/output/server/chunks/git-branch.js                                                         0.76 kB │ gzip:  0.41 kB
.svelte-kit/output/server/chunks/lightbulb.js                                                          0.76 kB │ gzip:  0.43 kB
.svelte-kit/output/server/chunks/wrench.js                                                             0.76 kB │ gzip:  0.46 kB
.svelte-kit/output/server/entries/pages/(app)/contacts/clients/_page.server.ts.js                      0.77 kB │ gzip:  0.38 kB
.svelte-kit/output/server/chunks/calendar.js                                                           0.77 kB │ gzip:  0.40 kB
.svelte-kit/output/server/entries/pages/preview-access/_page.svelte.js                                 0.78 kB │ gzip:  0.42 kB
.svelte-kit/output/server/chunks/phone.js                                                              0.78 kB │ gzip:  0.44 kB
.svelte-kit/output/server/entries/pages/(app)/contacts/agents/intelligence/_page.server.ts.js          0.79 kB │ gzip:  0.39 kB
.svelte-kit/output/server/chunks/square-pen.js                                                         0.79 kB │ gzip:  0.45 kB
.svelte-kit/output/server/chunks/scale.js                                                              0.79 kB │ gzip:  0.41 kB
.svelte-kit/output/server/chunks/trash-2.js                                                            0.79 kB │ gzip:  0.41 kB
.svelte-kit/output/server/chunks/users.js                                                              0.80 kB │ gzip:  0.43 kB
.svelte-kit/output/server/chunks/file-check.js                                                         0.80 kB │ gzip:  0.44 kB
.svelte-kit/output/server/chunks/refresh-cw.js                                                         0.80 kB │ gzip:  0.43 kB
.svelte-kit/output/server/entries/pages/(portal)/_team_/documents/_page.server.ts.js                   0.81 kB │ gzip:  0.41 kB
.svelte-kit/output/server/chunks/image.js                                                              0.81 kB │ gzip:  0.43 kB
.svelte-kit/output/server/chunks/camera.js                                                             0.81 kB │ gzip:  0.47 kB
.svelte-kit/output/server/chunks/megaphone.js                                                          0.82 kB │ gzip:  0.45 kB
.svelte-kit/output/server/chunks/circle-alert.js                                                       0.83 kB │ gzip:  0.40 kB
.svelte-kit/output/server/entries/pages/open-house/_listingId_/register/_page.server.ts.js             0.84 kB │ gzip:  0.46 kB
.svelte-kit/output/server/chunks/environment.js                                                        0.84 kB │ gzip:  0.40 kB
.svelte-kit/output/server/chunks/monitor.js                                                            0.85 kB │ gzip:  0.42 kB
.svelte-kit/output/server/chunks/file-text.js                                                          0.86 kB │ gzip:  0.44 kB
.svelte-kit/output/server/chunks/hard-drive.js                                                         0.86 kB │ gzip:  0.46 kB
.svelte-kit/output/server/chunks/map.js                                                                0.88 kB │ gzip:  0.48 kB
.svelte-kit/output/server/chunks/user-plus.js                                                          0.88 kB │ gzip:  0.44 kB
.svelte-kit/output/server/chunks/star.js                                                               0.93 kB │ gzip:  0.52 kB
.svelte-kit/output/server/chunks/clipboard-list.js                                                     0.95 kB │ gzip:  0.46 kB
.svelte-kit/output/server/chunks/file-pen-line.js                                                      0.95 kB │ gzip:  0.51 kB
.svelte-kit/output/server/entries/pages/(app)/listings/_id_/_layout.server.ts.js                       0.97 kB │ gzip:  0.47 kB
.svelte-kit/output/server/chunks/settings.js                                                           0.97 kB │ gzip:  0.47 kB
.svelte-kit/output/server/entries/pages/(app)/mobile/voice-memo/_page.server.ts.js                     0.97 kB │ gzip:  0.50 kB
.svelte-kit/output/server/chunks/supabase.js                                                           0.99 kB │ gzip:  0.50 kB
.svelte-kit/output/server/chunks/sparkles.js                                                           0.99 kB │ gzip:  0.48 kB
.svelte-kit/output/server/entries/endpoints/api/integrations/google/connect/_server.ts.js              1.01 kB │ gzip:  0.54 kB
.svelte-kit/output/server/chunks/layout-dashboard.js                                                   1.03 kB │ gzip:  0.41 kB
.svelte-kit/output/server/chunks/brain.js                                                              1.03 kB │ gzip:  0.49 kB
.svelte-kit/output/server/entries/pages/(portal)/_team_/_page.server.ts.js                             1.04 kB │ gzip:  0.48 kB
.svelte-kit/output/server/entries/endpoints/api/open-house/visitor-count/_server.ts.js                 1.05 kB │ gzip:  0.55 kB
.svelte-kit/output/server/chunks/building.js                                                           1.06 kB │ gzip:  0.45 kB
.svelte-kit/output/server/entries/pages/(app)/analytics/listings/_page.server.ts.js                    1.09 kB │ gzip:  0.44 kB
.svelte-kit/output/server/entries/pages/(auth)/invite/_page.svelte.js                                  1.12 kB │ gzip:  0.57 kB
.svelte-kit/output/server/chunks/palette.js                                                            1.12 kB │ gzip:  0.48 kB
.svelte-kit/output/server/chunks/receipt.js                                                            1.12 kB │ gzip:  0.48 kB
.svelte-kit/output/server/entries/pages/(app)/listings/_id_/analytics/_page.server.ts.js               1.16 kB │ gzip:  0.48 kB
.svelte-kit/output/server/entries/pages/(auth)/_layout.svelte.js                                       1.21 kB │ gzip:  0.59 kB
.svelte-kit/output/server/entries/endpoints/api/listings/_id_/phase/_server.ts.js                      1.23 kB │ gzip:  0.64 kB
.svelte-kit/output/server/entries/pages/_layout.svelte.js                                              1.32 kB │ gzip:  0.63 kB
.svelte-kit/output/server/chunks/target.js                                                             1.35 kB │ gzip:  0.50 kB
.svelte-kit/output/server/entries/pages/(app)/mobile/open-house/_page.server.ts.js                     1.35 kB │ gzip:  0.67 kB
.svelte-kit/output/server/entries/pages/(app)/settings/branding/_page.server.ts.js                     1.36 kB │ gzip:  0.66 kB
.svelte-kit/output/server/chunks/storage.js                                                            1.39 kB │ gzip:  0.61 kB
.svelte-kit/output/server/chunks/thumbs-up.js                                                          1.42 kB │ gzip:  0.54 kB
.svelte-kit/output/server/entries/endpoints/api/properties/_id_/preview/_server.ts.js                  1.42 kB │ gzip:  0.62 kB
.svelte-kit/output/server/entries/endpoints/api/field-notes/_noteId_/frames/_server.ts.js              1.43 kB │ gzip:  0.68 kB
.svelte-kit/output/server/entries/pages/(auth)/login/_page.server.ts.js                                1.49 kB │ gzip:  0.68 kB
.svelte-kit/output/server/entries/pages/open-house/_listingId_/_page.server.ts.js                      1.49 kB │ gzip:  0.73 kB
.svelte-kit/output/server/chunks/eye-off.js                                                            1.51 kB │ gzip:  0.59 kB
.svelte-kit/output/server/entries/endpoints/api/open-house/register/_server.ts.js                      1.52 kB │ gzip:  0.76 kB
.svelte-kit/output/server/chunks/contacts.js                                                           1.52 kB │ gzip:  0.51 kB
.svelte-kit/output/server/entries/endpoints/api/field-notes/_server.ts.js                              1.54 kB │ gzip:  0.72 kB
.svelte-kit/output/server/entries/endpoints/api/field-notes/_noteId_/media/_server.ts.js               1.58 kB │ gzip:  0.74 kB
.svelte-kit/output/server/entries/endpoints/api/field-notes/_noteId_/status/_server.ts.js              1.62 kB │ gzip:  0.65 kB
.svelte-kit/output/server/chunks/list.js                                                               1.64 kB │ gzip:  0.47 kB
.svelte-kit/output/server/entries/endpoints/api/open-house/check-in/_server.ts.js                      1.65 kB │ gzip:  0.80 kB
.svelte-kit/output/server/entries/pages/(portal)/_team_/messages/_page.server.ts.js                    1.70 kB │ gzip:  0.78 kB
.svelte-kit/output/server/entries/pages/(app)/settings/notifications/_page.server.ts.js                1.71 kB │ gzip:  0.75 kB
.svelte-kit/output/server/entries/pages/(app)/listings/_id_/field-notes/_page.server.ts.js             1.72 kB │ gzip:  0.70 kB
.svelte-kit/output/server/chunks/db2.js                                                                1.76 kB │ gzip:  0.79 kB
.svelte-kit/output/server/entries/hooks.server.js                                                      1.82 kB │ gzip:  0.76 kB
.svelte-kit/output/server/entries/pages/(app)/mobile/quick-task/_page.server.ts.js                     1.86 kB │ gzip:  0.84 kB
.svelte-kit/output/server/chunks/badge.js                                                              1.95 kB │ gzip:  0.87 kB
.svelte-kit/output/server/entries/pages/(auth)/signup/_page.server.ts.js                               1.98 kB │ gzip:  0.85 kB
.svelte-kit/output/server/entries/pages/(app)/properties/_id_/_page.server.ts.js                       1.99 kB │ gzip:  0.75 kB
.svelte-kit/output/server/chunks/temporal.js                                                           2.00 kB │ gzip:  0.72 kB
.svelte-kit/output/server/entries/pages/(app)/_layout.server.ts.js                                     2.04 kB │ gzip:  0.77 kB
.svelte-kit/output/server/entries/pages/(app)/mobile/field-notes/_page.server.ts.js                    2.05 kB │ gzip:  0.86 kB
.svelte-kit/output/server/entries/pages/(app)/vendors/_id_/_page.server.ts.js                          2.08 kB │ gzip:  0.87 kB
.svelte-kit/output/server/chunks/ruler.js                                                              2.09 kB │ gzip:  0.58 kB
.svelte-kit/output/server/chunks/stores.js                                                             2.12 kB │ gzip:  0.77 kB
.svelte-kit/output/server/entries/endpoints/api/integrations/google/callback/_server.ts.js             2.20 kB │ gzip:  0.97 kB
.svelte-kit/output/server/entries/pages/(app)/mobile/showing-feedback/_page.server.ts.js               2.26 kB │ gzip:  0.91 kB
.svelte-kit/output/server/chunks/input.js                                                              2.29 kB │ gzip:  0.70 kB
.svelte-kit/output/server/entries/pages/(app)/vendors/quotes/_page.server.ts.js                        2.29 kB │ gzip:  0.74 kB
.svelte-kit/output/server/entries/pages/_error.svelte.js                                               2.34 kB │ gzip:  0.87 kB
.svelte-kit/output/server/entries/pages/(app)/analytics/team/_page.server.ts.js                        2.35 kB │ gzip:  0.91 kB
.svelte-kit/output/server/entries/pages/(auth)/login/_page.svelte.js                                   2.44 kB │ gzip:  0.93 kB
.svelte-kit/output/server/entries/pages/(app)/_error.svelte.js                                         2.46 kB │ gzip:  0.92 kB
.svelte-kit/output/server/entries/pages/(app)/settings/_page.server.ts.js                              2.62 kB │ gzip:  0.96 kB
.svelte-kit/output/server/chunks/analytics.js                                                          2.76 kB │ gzip:  1.02 kB
.svelte-kit/output/server/entries/pages/(app)/listings/new/_page.server.ts.js                          2.98 kB │ gzip:  1.07 kB
.svelte-kit/output/server/entries/pages/(app)/analytics/_page.server.ts.js                             3.06 kB │ gzip:  1.05 kB
.svelte-kit/output/server/entries/endpoints/api/search/_server.ts.js                                   3.18 kB │ gzip:  1.14 kB
.svelte-kit/output/server/entries/endpoints/api/voice-memos/_server.ts.js                              3.34 kB │ gzip:  1.27 kB
.svelte-kit/output/server/chunks/separator.js                                                          3.37 kB │ gzip:  1.15 kB
.svelte-kit/output/server/chunks/card.js                                                               3.38 kB │ gzip:  0.77 kB
.svelte-kit/output/server/entries/pages/(app)/contacts/_page.server.ts.js                              3.54 kB │ gzip:  0.91 kB
.svelte-kit/output/server/entries/endpoints/api/field-media/_server.ts.js                              3.57 kB │ gzip:  1.34 kB
.svelte-kit/output/server/entries/pages/(app)/listings/_id_/listing/_page.server.ts.js                 3.58 kB │ gzip:  1.36 kB
.svelte-kit/output/server/entries/endpoints/api/market-analysis/_server.ts.js                          3.59 kB │ gzip:  1.19 kB
.svelte-kit/output/server/entries/pages/(auth)/signup/_page.svelte.js                                  3.64 kB │ gzip:  1.14 kB
.svelte-kit/output/server/chunks/button.js                                                             3.81 kB │ gzip:  1.24 kB
.svelte-kit/output/server/chunks/listings.js                                                           3.90 kB │ gzip:  0.95 kB
.svelte-kit/output/server/entries/pages/(app)/vendors/_page.server.ts.js                               3.92 kB │ gzip:  1.09 kB
.svelte-kit/output/server/entries/pages/(app)/listings/_id_/field-notes/_noteId_/_page.server.ts.js    4.04 kB │ gzip:  1.29 kB
.svelte-kit/output/server/entries/pages/(portal)/_team_/approvals/_page.server.ts.js                   4.15 kB │ gzip:  0.90 kB
.svelte-kit/output/server/entries/pages/(app)/listings/_id_/marketing/_page.server.ts.js               4.20 kB │ gzip:  1.01 kB
.svelte-kit/output/server/entries/pages/open-house/_listingId_/_page.svelte.js                         4.32 kB │ gzip:  1.33 kB
.svelte-kit/output/server/chunks/index-server.js                                                       4.33 kB │ gzip:  1.57 kB
.svelte-kit/output/server/entries/pages/(app)/listings/_id_/activity/_page.server.ts.js                4.37 kB │ gzip:  1.10 kB
.svelte-kit/output/server/chunks/ProcessingStatus.js                                                   4.78 kB │ gzip:  1.56 kB
.svelte-kit/output/server/entries/pages/(app)/settings/_layout.svelte.js                               4.81 kB │ gzip:  1.60 kB
.svelte-kit/output/server/entries/pages/(app)/settings/workflows/_page.server.ts.js                    4.89 kB │ gzip:  1.23 kB
.svelte-kit/output/server/entries/pages/(app)/listings/_id_/showings/_page.server.ts.js                4.89 kB │ gzip:  1.18 kB
.svelte-kit/output/server/entries/pages/(auth)/invite/_token_/_page.svelte.js                          4.91 kB │ gzip:  1.51 kB
.svelte-kit/output/server/chunks/comms.js                                                              4.92 kB │ gzip:  1.70 kB
.svelte-kit/output/server/entries/pages/(app)/dashboard/_page.server.ts.js                             5.43 kB │ gzip:  1.68 kB
.svelte-kit/output/server/entries/pages/(app)/contacts/_id_/_page.server.ts.js                         5.96 kB │ gzip:  1.65 kB
.svelte-kit/output/server/entries/pages/(app)/listings/_id_/tasks/_page.server.ts.js                   6.17 kB │ gzip:  1.34 kB
.svelte-kit/output/server/entries/pages/(portal)/_layout.svelte.js                                     6.28 kB │ gzip:  1.81 kB
.svelte-kit/output/server/entries/pages/(app)/listings/_id_/_page.server.ts.js                         6.36 kB │ gzip:  1.87 kB
.svelte-kit/output/server/entries/pages/(app)/listings/map/_page.svelte.js                             6.46 kB │ gzip:  2.09 kB
.svelte-kit/output/server/entries/pages/(app)/listings/_id_/documents/_page.server.ts.js               6.53 kB │ gzip:  1.78 kB
.svelte-kit/output/server/entries/pages/(app)/contacts/clients/_page.svelte.js                         6.65 kB │ gzip:  2.06 kB
.svelte-kit/output/server/chunks/avatar.js                                                             7.37 kB │ gzip:  1.83 kB
.svelte-kit/output/server/entries/pages/open-house/_listingId_/register/_page.svelte.js                7.43 kB │ gzip:  2.19 kB
.svelte-kit/output/server/entries/pages/(portal)/_team_/messages/_page.svelte.js                       7.53 kB │ gzip:  2.24 kB
.svelte-kit/output/server/entries/pages/(app)/contacts/agents/_page.svelte.js                          7.63 kB │ gzip:  2.20 kB
.svelte-kit/output/server/entries/pages/(app)/listings/_id_/financials/_page.server.ts.js              7.79 kB │ gzip:  1.47 kB
.svelte-kit/output/server/entries/pages/(app)/mobile/field-notes/_page.svelte.js                       7.88 kB │ gzip:  2.52 kB
.svelte-kit/output/server/entries/pages/(app)/listings/_id_/offers/_page.server.ts.js                  8.26 kB │ gzip:  1.54 kB
.svelte-kit/output/server/entries/pages/(app)/listings/_id_/portal-settings/_page.server.ts.js         8.55 kB │ gzip:  1.48 kB
.svelte-kit/output/server/entries/pages/(app)/mobile/showing-feedback/_page.svelte.js                  9.14 kB │ gzip:  2.54 kB
.svelte-kit/output/server/chunks/internal.js                                                           9.14 kB │ gzip:  2.70 kB
.svelte-kit/output/server/entries/pages/(app)/mobile/quick-task/_page.svelte.js                        9.18 kB │ gzip:  2.32 kB
.svelte-kit/output/server/chunks/shared.js                                                            10.20 kB │ gzip:  3.33 kB
.svelte-kit/output/server/entries/pages/(app)/listings/_id_/field-notes/_page.svelte.js               10.77 kB │ gzip:  3.01 kB
.svelte-kit/output/server/entries/pages/(app)/mobile/open-house/_page.svelte.js                       10.80 kB │ gzip:  2.79 kB
.svelte-kit/output/server/chunks/exports.js                                                           11.24 kB │ gzip:  3.51 kB
.svelte-kit/output/server/entries/pages/(app)/listings/list/_page.svelte.js                           11.28 kB │ gzip:  2.88 kB
.svelte-kit/output/server/entries/pages/(app)/settings/integrations/_page.svelte.js                   11.52 kB │ gzip:  2.52 kB
.svelte-kit/output/server/entries/pages/(app)/mobile/voice-memo/_page.svelte.js                       12.13 kB │ gzip:  3.44 kB
.svelte-kit/output/server/entries/pages/(app)/analytics/team/_page.svelte.js                          12.78 kB │ gzip:  2.64 kB
.svelte-kit/output/server/entries/pages/(portal)/_team_/documents/_page.svelte.js                     12.86 kB │ gzip:  3.39 kB
.svelte-kit/output/server/entries/pages/(app)/settings/branding/_page.svelte.js                       12.92 kB │ gzip:  2.84 kB
.svelte-kit/output/server/chunks/Icon.js                                                              12.99 kB │ gzip:  2.85 kB
.svelte-kit/output/server/entries/pages/(app)/analytics/_page.svelte.js                               13.15 kB │ gzip:  3.22 kB
.svelte-kit/output/server/entries/pages/(portal)/_team_/_page.svelte.js                               13.38 kB │ gzip:  2.94 kB
.svelte-kit/output/server/entries/pages/(app)/analytics/insights/_page.svelte.js                      13.56 kB │ gzip:  3.57 kB
.svelte-kit/output/server/entries/pages/(app)/settings/notifications/_page.svelte.js                  13.75 kB │ gzip:  3.30 kB
.svelte-kit/output/server/chunks/dom-context.svelte.js                                                13.97 kB │ gzip:  3.87 kB
.svelte-kit/output/server/chunks/create-id.js                                                         15.98 kB │ gzip:  4.95 kB
.svelte-kit/output/server/chunks/dropdown-menu.js                                                     16.21 kB │ gzip:  2.90 kB
.svelte-kit/output/server/chunks/legacy-client.js                                                     16.31 kB │ gzip:  4.91 kB
.svelte-kit/output/server/entries/pages/(app)/settings/billing/_page.svelte.js                        16.73 kB │ gzip:  3.32 kB
.svelte-kit/output/server/entries/pages/(app)/listings/_id_/analytics/_page.svelte.js                 16.83 kB │ gzip:  3.23 kB
.svelte-kit/output/server/entries/pages/(portal)/_team_/approvals/_page.svelte.js                     18.05 kB │ gzip:  3.06 kB
.svelte-kit/output/server/entries/pages/(app)/listings/_id_/activity/_page.svelte.js                  18.92 kB │ gzip:  4.19 kB
.svelte-kit/output/server/entries/pages/(app)/listings/_page.svelte.js                                19.37 kB │ gzip:  4.35 kB
.svelte-kit/output/server/entries/pages/(app)/settings/_page.svelte.js                                19.98 kB │ gzip:  3.85 kB
.svelte-kit/output/server/entries/pages/(app)/analytics/listings/_page.svelte.js                      20.39 kB │ gzip:  3.51 kB
.svelte-kit/output/server/entries/pages/(app)/settings/data/_page.svelte.js                           21.64 kB │ gzip:  3.18 kB
.svelte-kit/output/server/entries/pages/_page.svelte.js                                               21.85 kB │ gzip:  5.59 kB
.svelte-kit/output/server/entries/pages/(app)/vendors/quotes/_page.svelte.js                          22.12 kB │ gzip:  3.98 kB
.svelte-kit/output/server/chunks/PropertyLink.js                                                      22.51 kB │ gzip:  5.04 kB
.svelte-kit/output/server/entries/pages/(app)/listings/_id_/field-notes/_noteId_/_page.svelte.js      24.31 kB │ gzip:  4.36 kB
.svelte-kit/output/server/entries/pages/(app)/contacts/_page.svelte.js                                24.43 kB │ gzip:  4.19 kB
.svelte-kit/output/server/entries/pages/(app)/vendors/_id_/_page.svelte.js                            24.92 kB │ gzip:  4.53 kB
.svelte-kit/output/server/chunks/popper-layer-force-mount.js                                          25.33 kB │ gzip:  5.69 kB
.svelte-kit/output/server/entries/pages/(app)/vendors/_page.svelte.js                                 25.80 kB │ gzip:  4.45 kB
.svelte-kit/output/server/entries/pages/(app)/listings/new/_page.svelte.js                            26.13 kB │ gzip:  5.15 kB
.svelte-kit/output/server/entries/pages/(app)/listings/_id_/documents/_page.svelte.js                 27.17 kB │ gzip:  5.27 kB
.svelte-kit/output/server/entries/pages/(app)/listings/_id_/portal-settings/_page.svelte.js           28.14 kB │ gzip:  4.89 kB
.svelte-kit/output/server/entries/pages/(app)/dashboard/_page.svelte.js                               28.58 kB │ gzip:  5.69 kB
.svelte-kit/output/server/entries/pages/(app)/preview/_page.svelte.js                                 28.62 kB │ gzip:  5.74 kB
.svelte-kit/output/server/chunks/utils.js                                                             28.76 kB │ gzip:  8.35 kB
.svelte-kit/output/server/entries/pages/(app)/settings/workflows/_page.svelte.js                      29.23 kB │ gzip:  4.97 kB
.svelte-kit/output/server/entries/pages/(app)/listings/_id_/_layout.svelte.js                         31.09 kB │ gzip:  5.40 kB
.svelte-kit/output/server/entries/pages/(app)/listings/_id_/financials/_page.svelte.js                32.07 kB │ gzip:  4.92 kB
.svelte-kit/output/server/entries/pages/(app)/contacts/agents/intelligence/_page.svelte.js            32.07 kB │ gzip:  6.62 kB
.svelte-kit/output/server/entries/pages/(app)/listings/_id_/_page.svelte.js                           32.26 kB │ gzip:  4.94 kB
.svelte-kit/output/server/entries/pages/(app)/listings/_id_/tasks/_page.svelte.js                     32.96 kB │ gzip:  4.96 kB
.svelte-kit/output/server/entries/pages/(app)/properties/_id_/_page.svelte.js                         33.58 kB │ gzip:  5.36 kB
.svelte-kit/output/server/entries/pages/(app)/listings/_id_/showings/_page.svelte.js                  34.98 kB │ gzip:  4.81 kB
.svelte-kit/output/server/remote-entry.js                                                             35.25 kB │ gzip:  7.97 kB
.svelte-kit/output/server/entries/pages/(app)/listings/_id_/marketing/_page.svelte.js                 38.25 kB │ gzip:  5.55 kB
.svelte-kit/output/server/chunks/AIInsightCard.js                                                     39.69 kB │ gzip:  7.56 kB
.svelte-kit/output/server/entries/pages/(app)/contacts/_id_/_page.svelte.js                           40.64 kB │ gzip:  6.55 kB
.svelte-kit/output/server/chunks/dialog.js                                                            41.95 kB │ gzip:  7.06 kB
.svelte-kit/output/server/chunks/tooltip.js                                                           43.65 kB │ gzip:  8.46 kB
.svelte-kit/output/server/chunks/client.js                                                            46.03 kB │ gzip: 13.59 kB
.svelte-kit/output/server/chunks/schema.js                                                            53.00 kB │ gzip:  9.07 kB
.svelte-kit/output/server/entries/pages/(app)/listings/_id_/offers/_page.svelte.js                    63.79 kB │ gzip:  7.79 kB
.svelte-kit/output/server/entries/pages/(app)/listings/_id_/listing/_page.svelte.js                   65.25 kB │ gzip:  9.76 kB
.svelte-kit/output/server/chunks/scroll-lock.js                                                       82.47 kB │ gzip: 19.82 kB
.svelte-kit/output/server/chunks/CaptureModal.js                                                     103.10 kB │ gzip: 20.55 kB
.svelte-kit/output/server/index.js                                                                   119.57 kB │ gzip: 30.47 kB
.svelte-kit/output/server/entries/pages/(app)/_layout.svelte.js                                      128.98 kB │ gzip: 22.07 kB
.svelte-kit/output/server/chunks/dev.js                                                              132.13 kB │ gzip: 34.49 kB

[33m[PLUGIN_TIMINGS] Warning:[0m Your build spent significant time in plugins. Here is a breakdown:
  - vite-plugin-sveltekit-guard (84%)
  - vite-plugin-svelte:compile (7%)
  - vite-plugin-sveltekit-virtual-modules (6%)
See https://rolldown.rs/options/checks#plugintimings for more details.

✓ built in 6.41s

Run npm run preview to preview your production build locally.

> Using @sveltejs/adapter-node
  ✔ done
